// Jest Snapshot v1, https://goo.gl/fbAQLP

exports[`component styles process asterisk-ed component alternate styles 1`] = `
Object {
  "Text": Object {
    "*": Object {
      "paddingVertical": 20,
    },
    "*.container": Object {
      "marginBottom": 10,
      "marginLeft": 10,
      "marginRight": 10,
      "marginTop": 10,
    },
    "backgroundColor": "gray",
  },
}
`;

exports[`component styles process basic component styles 1`] = `
Object {
  "View": Object {
    "backgroundColor": "red",
    "height": 50,
    "width": 100,
  },
}
`;

exports[`component styles process nested component based styles 1`] = `
Object {
  "Screen": Object {
    ".square": Object {
      "alignItems": "center",
      "backgroundColor": "yellow",
      "height": 55,
      "justifyContent": "center",
      "marginTop": "10pt",
      "width": 25,
    },
    "Text.underline": Object {
      "fontSize": 20,
      "textDecorationColor": "black",
      "textDecorationLine": "underline",
      "textDecorationStyle": "solid",
    },
    "View": Object {
      "backgroundColor": "red",
      "height": 50,
      "width": 100,
    },
    "fontSize": 25,
  },
  "Text": Object {
    ".underline": Object {
      "textDecorationColor": "black",
      "textDecorationLine": "underline",
      "textDecorationStyle": "solid",
    },
  },
}
`;
