// Jest Snapshot v1, https://goo.gl/fbAQLP

exports[`process pure style definition with shorthanded props 1`] = `
Object {
  "circle": Object {
    "alignSelf": "center",
    "borderBottomWidth": 1,
    "borderLeftWidth": 50,
    "borderRightWidth": 50,
    "borderTopWidth": 50,
    "fontFamily": "Georgia, serif",
    "fontSize": 12,
    "fontStyle": "italic",
    "fontVariant": Array [
      "small-caps",
    ],
    "fontWeight": "500",
    "lineHeight": 30,
  },
}
`;
